// Jest Snapshot v1, https://goo.gl/fbAQLP

exports[`renders the element with the expected style 1`] = `
.c0 {
  background: purple;
  color: red;
}

<div
  class="c0"
>
  <h1>
    Hello
  </h1>
</div>
`;
