// Jest Snapshot v1, https://goo.gl/fbAQLP

exports[`<SectionContainer /> should render 1`] = `undefined`;
