// Jest Snapshot v1, https://goo.gl/fbAQLP

exports[`<LogoLink /> should match snapshot 1`] = `
.c1 {
  color: black;
  -webkit-text-decoration: none;
  text-decoration: none;
  display: -webkit-box;
  display: -webkit-flex;
  display: -ms-flexbox;
  display: flex;
  -webkit-align-items: center;
  -webkit-box-align: center;
  -ms-flex-align: center;
  align-items: center;
}

.c1 > img {
  max-height: 3.5rem;
}

.c0 {
  color: #FFFFFF;
  text-transform: uppercase;
  font-size: 2.4rem;
}

<h1
  class="c0"
>
  <a
    class="c1"
    href="#target"
  >
    <img
      alt="OlÃ¡ mundo"
      src="image.jpg"
    />
  </a>
</h1>
`;
