// Jest Snapshot v1, https://goo.gl/fbAQLP

exports[`<GridTwoColumn /> should render 1`] = `
.c5 {
  color: #dc143c;
  text-transform: uppercase;
  font-size: 6.4rem;
}

.c2 {
  display: grid;
  grid-template-columns: 1fr 2fr;
  -webkit-align-items: center;
  -webkit-box-align: center;
  -ms-flex-align: center;
  align-items: center;
  gap: 3.6rem;
}

.c2 .c4 {
  margin-bottom: 4.8rem;
}

.c0 {
  background: #FFFFFF;
  color: #0A1128;
  min-height: 100vh;
  display: -webkit-box;
  display: -webkit-flex;
  display: -ms-flexbox;
  display: flex;
  -webkit-align-items: center;
  -webkit-box-align: center;
  -ms-flex-align: center;
  align-items: center;
}

.c1 {
  max-width: 120rem;
  margin: 0 auto;
  padding: 3.6rem;
}

.c6 {
  font-size: 2.4rem;
}

@media (max-width:768px) {
  .c5 {
    font-size: 4.8rem;
  }
}

@media (max-width:768px) {
  .c2 {
    grid-template-columns: 1fr;
  }
}

@media (max-width:768px) {
  .c3 {
    margin-bottom: 3.6rem;
  }
}

<div>
  <div
    class="c0"
  >
    <div
      class="c1"
    >
      <div
        class="c2"
      >
        <div
          class="c3"
        >
          <h1
            class="c4 c5"
          >
            Grid two column
          </h1>
          <p
            class="c6"
          >
            Lorem ipsum dolor sit amet, consectetur adipiscing elit. Donec a
  efficitur ex. Donec viverra neque quis velit convallis scelerisque.
  Etiam iaculis, ligula quis aliquet posuere, eros enim vestibulum risus,
  fermentum tempus augue lorem nec ex. Fusce fringilla nisl nec odio
  commodo accumsan. Proin placerat euismod quam, in convallis mauris
  eleifend pharetra. In sodales ultricies augue, nec finibus nisl aliquet
  et. Nam rhoncus quam non lobortis finibus
          </p>
        </div>
        <div
          class=""
        >
          <img
            alt="Grid two column"
            class=""
            src="assets/images/javascript.svg"
          />
        </div>
      </div>
    </div>
  </div>
</div>
`;
